[epiktheme.netlify.app/html/preminum/demo/index.html]
[backblue.gif]
[fade.gif]
[index.html]
[epiktheme.netlify.app/html/preminum/demo/css/font-awesome.min.css]
[epiktheme.netlify.app/html/preminum/demo/css/bootstrap.min.css]
[epiktheme.netlify.app/html/preminum/demo/css/slick.css]
[epiktheme.netlify.app/html/preminum/demo/css/style.css]
[epiktheme.netlify.app/html/preminum/demo/css/responsive.css]
[epiktheme.netlify.app/html/preminum/demo/images/banner.png]
[epiktheme.netlify.app/html/preminum/demo/images/about.png]
[epiktheme.netlify.app/html/preminum/demo/images/chat1.png]
[epiktheme.netlify.app/html/preminum/demo/images/chat2.png]
[epiktheme.netlify.app/html/preminum/demo/images/port1.jpg]
[epiktheme.netlify.app/html/preminum/demo/images/port2.jpg]
[epiktheme.netlify.app/html/preminum/demo/images/port3.jpg]
[epiktheme.netlify.app/html/preminum/demo/images/port4.jpg]
[epiktheme.netlify.app/html/preminum/demo/images/port5.jpg]
[epiktheme.netlify.app/html/preminum/demo/images/port6.jpg]
[epiktheme.netlify.app/html/preminum/demo/images/blog1.jpg]
[epiktheme.netlify.app/html/preminum/demo/images/blog2.jpg]
[epiktheme.netlify.app/html/preminum/demo/images/blog3.jpg]
[epiktheme.netlify.app/html/preminum/demo/images/blog4.jpg]
[epiktheme.netlify.app/html/preminum/demo/images/b1.png]
[epiktheme.netlify.app/html/preminum/demo/images/b2.png]
[epiktheme.netlify.app/html/preminum/demo/images/b3.png]
[epiktheme.netlify.app/html/preminum/demo/images/b4.png]
[epiktheme.netlify.app/html/preminum/demo/images/b5.png]
[epiktheme.netlify.app/html/preminum/demo/images/b6.png]
[epiktheme.netlify.app/html/preminum/demo/images/b7.png]
[epiktheme.netlify.app/html/preminum/demo/js/jquery-3.3.1.min.js]
[epiktheme.netlify.app/html/preminum/demo/js/bootstrap.min.js]
[epiktheme.netlify.app/html/preminum/demo/js/slick.min.js]
[epiktheme.netlify.app/html/preminum/demo/js/jquery.isotope.min.js]
[epiktheme.netlify.app/html/preminum/demo/js/circular.js]
[epiktheme.netlify.app/html/preminum/demo/index.html]
[epiktheme.netlify.app/html/preminum/demo/js/custom.js]
[epiktheme.netlify.app/html/preminum/demo/fonts/fontawesome-webfont3e6e.eot]
[epiktheme.netlify.app/html/preminum/demo/fonts/fontawesome-webfont3e6e.woff2]
[epiktheme.netlify.app/html/preminum/demo/fonts/fontawesome-webfontd41d.eot]
[epiktheme.netlify.app/html/preminum/demo/fonts/fontawesome-webfont3e6e.woff]
[epiktheme.netlify.app/html/preminum/demo/fonts/fontawesome-webfont3e6e.ttf]
[epiktheme.netlify.app/html/preminum/demo/css/font-awesome.min.css]
[epiktheme.netlify.app/html/preminum/demo/css/bootstrap.min.css]
[epiktheme.netlify.app/html/preminum/demo/css/slick.css]
[epiktheme.netlify.app/html/preminum/demo/fonts/fontawesome-webfont3e6e.svg]
[epiktheme.netlify.app/html/preminum/demo/fonts/Poppins-Bold.ttf]
[epiktheme.netlify.app/html/preminum/demo/fonts/Poppins-ExtraBold.ttf]
[epiktheme.netlify.app/html/preminum/demo/fonts/Poppins-Regular.ttf]
[epiktheme.netlify.app/html/preminum/demo/fonts/Poppins-Light.ttf]
[epiktheme.netlify.app/html/preminum/demo/images/count1.jpg]
[epiktheme.netlify.app/html/preminum/demo/css/style.css]
[epiktheme.netlify.app/html/preminum/demo/css/responsive.css]
[epiktheme.netlify.app/html/preminum/demo/fonts/fontawesome-webfont3e6e.svg]
